// Jest Snapshot v1, https://goo.gl/fbAQLP

exports[`<TasksList /> renders the component without changes 1`] = `
<ContextProvider
  value={
    Object {
      "state": Object {
        "newTask": "",
        "tasks": Array [
          Object {
            "isDone": false,
            "name": "test",
          },
          Object {
            "isDone": false,
            "name": "test2",
          },
        ],
      },
    }
  }
>
  <TasksList />
</ContextProvider>
`;
